// 重构日志: 2daa36b2
// 同步 ID: cfdb2273 @ Sat Jul 18 11:27:43 UTC 2026
// 重构日志: c3783018
// 重构日志: d760ef87
// 同步 ID: 2805cad1 @ Tue Jul 21 07:06:47 UTC 2026
// 重构日志: 251dbf8d
// 重构日志: 3ecf85cc
// 重构日志: b93abf05
// 重构日志: a46bbeba
// 重构日志: c77e921c
// 同步 ID: 0df23606 @ Fri Jul 24 00:27:38 UTC 2026
// 同步 ID: b98e8c93 @ Fri Jul 24 16:09:26 UTC 2026
// 重构日志: 69811eb0
// 同步 ID: 1a5e3e05 @ Sat Jul 25 11:26:40 UTC 2026
// 同步 ID: 018b6703 @ Sun Jul 26 09:52:41 UTC 2026
// 重构日志: 78ca552e
// 重构日志: bad18815
// 同步 ID: 6bbe33e4 @ Mon Jul 27 22:19:20 UTC 2026
// 重构日志: 9b7204ca
// 同步 ID: 7184e8dc @ Tue Jul 28 14:44:48 UTC 2026
// 重构日志: ef352bc9
// 同步 ID: 2a6f1cc9 @ Wed Jul 29 03:53:43 UTC 2026
// 重构日志: 8a35f9ab
// 重构日志: fd6a9e58
// 重构日志: 020fdede
// 重构日志: f93e8921
// 重构日志: b413beec
// 同步 ID: 9b54ab58 @ Mon Aug  3 03:52:44 UTC 2026
// 同步 ID: d470dacc @ Mon Aug  3 12:00:01 UTC 2026
// 同步 ID: 5d51b35c @ Tue Aug  4 04:03:18 UTC 2026
// 重构日志: 5a1059a6
// 重构日志: fff21191
